[admin.pixelstrap.net/admiro/template/index.html]
[backblue.gif]
[fade.gif]
[index.html]
[admin.pixelstrap.net/admiro/assets/images/favicon.png]
[admin.pixelstrap.net/admiro/assets/css/vendors/flag-icon.css]
[admin.pixelstrap.net/admiro/assets/css/iconly-icon.css]
[admin.pixelstrap.net/admiro/assets/css/bulk-style.css]
[admin.pixelstrap.net/admiro/assets/css/themify.css]
[admin.pixelstrap.net/admiro/assets/css/fontawesome-min.css]
[admin.pixelstrap.net/admiro/assets/css/vendors/weather-icons/weather-icons.min.css]
[admin.pixelstrap.net/admiro/assets/css/vendors/scrollbar.css]
[admin.pixelstrap.net/admiro/assets/css/vendors/slick.css]
[admin.pixelstrap.net/admiro/assets/css/vendors/slick-theme.css]
[admin.pixelstrap.net/admiro/assets/css/style.css]
[admin.pixelstrap.net/admiro/assets/images/logo/logo1.png]
[admin.pixelstrap.net/admiro/assets/images/logo/logo-dark.png]
[admin.pixelstrap.net/admiro/assets/images/dashboard-2/1.png]
[admin.pixelstrap.net/admiro/assets/images/dashboard-2/2.png]
[admin.pixelstrap.net/admiro/template/cart.html]
[admin.pixelstrap.net/admiro/template/checkout.html]
[admin.pixelstrap.net/admiro/template/to-do.html]
[admin.pixelstrap.net/admiro/template/apex_chart.html]
[admin.pixelstrap.net/admiro/assets/images/profile.png]
[admin.pixelstrap.net/admiro/template/user-profile.html]
[admin.pixelstrap.net/admiro/template/letter-box.html]
[admin.pixelstrap.net/admiro/template/login.html]
[admin.pixelstrap.net/admiro/template/dashboard-02.html]
[admin.pixelstrap.net/admiro/template/dashboard-03.html]
[admin.pixelstrap.net/admiro/template/general-widget.html]
[admin.pixelstrap.net/admiro/template/chart-widget.html]
[admin.pixelstrap.net/admiro/template/box-layout.html]
[admin.pixelstrap.net/admiro/template/layout-rtl.html]
[admin.pixelstrap.net/admiro/template/layout-dark.html]
[admin.pixelstrap.net/admiro/template/project-list.html]
[admin.pixelstrap.net/admiro/template/projectcreate.html]
[admin.pixelstrap.net/admiro/template/file-manager.html]
[admin.pixelstrap.net/admiro/template/kanban-board.html]
[admin.pixelstrap.net/admiro/template/add-products.html]
[admin.pixelstrap.net/admiro/template/product.html]
[admin.pixelstrap.net/admiro/template/product-page.html]
[admin.pixelstrap.net/admiro/template/category.html]
[admin.pixelstrap.net/admiro/template/list-products.html]
[admin.pixelstrap.net/admiro/template/payment-details.html]
[admin.pixelstrap.net/admiro/template/order-history.html]
[admin.pixelstrap.net/admiro/template/invoices-1.html]
[admin.pixelstrap.net/admiro/template/invoices-2.html]
[admin.pixelstrap.net/admiro/template/invoices-3.html]
[admin.pixelstrap.net/admiro/template/invoices-4.html]
[admin.pixelstrap.net/admiro/template/invoices-5.html]
[admin.pixelstrap.net/admiro/template/invoices-6.html]
[admin.pixelstrap.net/admiro/template/list-wish.html]
[admin.pixelstrap.net/admiro/template/pricing.html]
[admin.pixelstrap.net/admiro/template/private-chat.html]
[admin.pixelstrap.net/admiro/template/group-chat.html]
[admin.pixelstrap.net/admiro/template/edit-profile.html]
[admin.pixelstrap.net/admiro/template/user-cards.html]
[admin.pixelstrap.net/admiro/template/bookmark.html]
[admin.pixelstrap.net/admiro/template/contacts.html]
[admin.pixelstrap.net/admiro/template/task.html]
[admin.pixelstrap.net/admiro/template/calendar-basic.html]
[admin.pixelstrap.net/admiro/template/social-app.html]
[admin.pixelstrap.net/admiro/template/search.html]
[admin.pixelstrap.net/admiro/template/buttons.html]
[admin.pixelstrap.net/admiro/template/typography.html]
[admin.pixelstrap.net/admiro/template/avatars.html]
[admin.pixelstrap.net/admiro/template/alert.html]
[admin.pixelstrap.net/admiro/template/helper-classes.html]
[admin.pixelstrap.net/admiro/template/grid.html]
[admin.pixelstrap.net/admiro/template/accordion.html]
[admin.pixelstrap.net/admiro/template/tag-pills.html]
[admin.pixelstrap.net/admiro/template/modal.html]
[admin.pixelstrap.net/admiro/template/popover.html]
[admin.pixelstrap.net/admiro/template/progress-bar.html]
[admin.pixelstrap.net/admiro/template/tab-bootstrap.html]
[admin.pixelstrap.net/admiro/template/tooltip.html]
[admin.pixelstrap.net/admiro/template/dropdown.html]
[admin.pixelstrap.net/admiro/template/list.html]
[admin.pixelstrap.net/admiro/template/scrollable.html]
[admin.pixelstrap.net/admiro/template/tree.html]
[admin.pixelstrap.net/admiro/template/toasts.html]
[admin.pixelstrap.net/admiro/template/rating.html]
[admin.pixelstrap.net/admiro/template/dropzone.html]
[admin.pixelstrap.net/admiro/template/tour.html]
[admin.pixelstrap.net/admiro/template/sweetalert2.html]
[admin.pixelstrap.net/admiro/template/modal-animated.html]
[admin.pixelstrap.net/admiro/template/slider.html]
[admin.pixelstrap.net/admiro/template/ribbons.html]
[admin.pixelstrap.net/admiro/template/pagination.html]
[admin.pixelstrap.net/admiro/template/breadcrumb.html]
[admin.pixelstrap.net/admiro/template/range-slider.html]
[admin.pixelstrap.net/admiro/template/image-cropper.html]
[admin.pixelstrap.net/admiro/template/basic-card.html]
[admin.pixelstrap.net/admiro/template/creative-card.html]
[admin.pixelstrap.net/admiro/template/dragable-card.html]
[admin.pixelstrap.net/admiro/template/timeline.html]
[admin.pixelstrap.net/admiro/template/AOS.html]
[admin.pixelstrap.net/admiro/template/WOW.html]
[admin.pixelstrap.net/admiro/template/font-awesome.html]
[admin.pixelstrap.net/admiro/template/feather_icon.html]
[admin.pixelstrap.net/admiro/template/iconly-icon.html]
[admin.pixelstrap.net/admiro/template/themify-icon.html]
[admin.pixelstrap.net/admiro/template/echarts.html]
[admin.pixelstrap.net/admiro/template/chart-google.html]
[admin.pixelstrap.net/admiro/template/chart-sparkline.html]
[admin.pixelstrap.net/admiro/template/chart-flot.html]
[admin.pixelstrap.net/admiro/template/chart-knob.html]
[admin.pixelstrap.net/admiro/template/chart-morris.html]
[admin.pixelstrap.net/admiro/template/chartjs.html]
[admin.pixelstrap.net/admiro/template/chartist_chart.html]
[admin.pixelstrap.net/admiro/template/chart-peity.html]
[admin.pixelstrap.net/admiro/template/base-input.html]
[admin.pixelstrap.net/admiro/template/form-validation.html]
[admin.pixelstrap.net/admiro/template/radio-checkbox-control.html]
[admin.pixelstrap.net/admiro/template/input-group.html]
[admin.pixelstrap.net/admiro/template/input-mask.html]
[admin.pixelstrap.net/admiro/template/megaoptions.html]
[admin.pixelstrap.net/admiro/template/datepicker.html]
[admin.pixelstrap.net/admiro/template/touchspin.html]
[admin.pixelstrap.net/admiro/template/select2.html]
[admin.pixelstrap.net/admiro/template/switch.html]
[admin.pixelstrap.net/admiro/template/typehead.html]
[admin.pixelstrap.net/admiro/template/clipboard.html]
[admin.pixelstrap.net/admiro/template/form-wizard.html]
[admin.pixelstrap.net/admiro/template/form-wizard-two.html]
[admin.pixelstrap.net/admiro/template/form-wizard-three.html]
[admin.pixelstrap.net/admiro/template/basic-table.html]
[admin.pixelstrap.net/admiro/template/table-components.html]
[admin.pixelstrap.net/admiro/template/datatable-basic-init.html]
[admin.pixelstrap.net/admiro/template/datatable-advance.html]
[admin.pixelstrap.net/admiro/template/datatable-API.html]
[admin.pixelstrap.net/admiro/template/datatable-data-source.html]
[admin.pixelstrap.net/admiro/template/datatable-ext-autofill.html]
[admin.pixelstrap.net/admiro/template/jsgrid-table.html]
[admin.pixelstrap.net/admiro/template/landing-page.html]
[admin.pixelstrap.net/admiro/template/sample-page.html]
[admin.pixelstrap.net/admiro/template/internationalization.html]
[admin.pixelstrap.net/admiro/template/error-page1.html]
[admin.pixelstrap.net/admiro/template/error-page2.html]
[admin.pixelstrap.net/admiro/template/error-page3.html]
[admin.pixelstrap.net/admiro/template/error-page4.html]
[admin.pixelstrap.net/admiro/template/error-page5.html]
[admin.pixelstrap.net/admiro/template/error-page6.html]
[admin.pixelstrap.net/admiro/template/login_one.html]
[admin.pixelstrap.net/admiro/template/login_two.html]
[admin.pixelstrap.net/admiro/template/login-bs-validation.html]
[admin.pixelstrap.net/admiro/template/login-bs-tt-validation.html]
[admin.pixelstrap.net/admiro/template/login-sa-validation.html]
[admin.pixelstrap.net/admiro/template/sign-up.html]
[admin.pixelstrap.net/admiro/template/sign-up-one.html]
[admin.pixelstrap.net/admiro/template/sign-up-two.html]
[admin.pixelstrap.net/admiro/template/sign-up-wizard.html]
[admin.pixelstrap.net/admiro/template/unlock.html]
[admin.pixelstrap.net/admiro/template/forget-password.html]
[admin.pixelstrap.net/admiro/template/reset-password.html]
[admin.pixelstrap.net/admiro/template/maintenance.html]
[admin.pixelstrap.net/admiro/template/comingsoon.html]
[admin.pixelstrap.net/admiro/template/comingsoon-bg-video.html]
[admin.pixelstrap.net/admiro/template/comingsoon-bg-img.html]
[admin.pixelstrap.net/admiro/template/basic-template.html]
[admin.pixelstrap.net/admiro/template/email-header.html]
[admin.pixelstrap.net/admiro/template/template-email.html]
[admin.pixelstrap.net/admiro/template/template-email-2.html]
[admin.pixelstrap.net/admiro/template/ecommerce-templates.html]
[admin.pixelstrap.net/admiro/template/email-order-success.html]
[admin.pixelstrap.net/admiro/template/gallery.html]
[admin.pixelstrap.net/admiro/template/gallery-with-description.html]
[admin.pixelstrap.net/admiro/template/masonary.html]
[admin.pixelstrap.net/admiro/template/masonary_with_disc.html]
[admin.pixelstrap.net/admiro/template/gallery-hover.html]
[admin.pixelstrap.net/admiro/template/blog.html]
[admin.pixelstrap.net/admiro/template/blog-single.html]
[admin.pixelstrap.net/admiro/template/add_post.html]
[admin.pixelstrap.net/admiro/template/faq.html]
[admin.pixelstrap.net/admiro/template/job-cards-view.html]
[admin.pixelstrap.net/admiro/template/job-list-view.html]
[admin.pixelstrap.net/admiro/template/job-details.html]
[admin.pixelstrap.net/admiro/template/job-apply.html]
[admin.pixelstrap.net/admiro/template/learning_list_visit.html]
[admin.pixelstrap.net/admiro/template/learning_detailed.html]
[admin.pixelstrap.net/admiro/template/data-map.html]
[admin.pixelstrap.net/admiro/template/vector-map.html]
[admin.pixelstrap.net/admiro/template/quilleditor.html]
[admin.pixelstrap.net/admiro/template/ace-code-editor.html]
[admin.pixelstrap.net/admiro/template/knowledgebase.html]
[admin.pixelstrap.net/admiro/template/support-ticket.html]
[admin.pixelstrap.net/admiro/assets/images/dashboard-1/welcome-bg.png]
[admin.pixelstrap.net/admiro/assets/images/dashboard-1/img-1.png]
[admin.pixelstrap.net/admiro/assets/images/dashboard-1/img-2.png]
[admin.pixelstrap.net/admiro/assets/images/dashboard-1/img-3.png]
[admin.pixelstrap.net/admiro/assets/images/dashboard-1/img-4.png]
[admin.pixelstrap.net/admiro/assets/images/dashboard-1/img-5.png]
[admin.pixelstrap.net/admiro/assets/images/dashboard-1/hand.png]
[admin.pixelstrap.net/admiro/assets/images/dashboard-1/user/1.png]
[admin.pixelstrap.net/admiro/assets/images/dashboard-1/user/2.png]
[admin.pixelstrap.net/admiro/assets/images/dashboard-1/user/3.png]
[admin.pixelstrap.net/admiro/assets/images/dashboard-1/icon/1.png]
[admin.pixelstrap.net/admiro/assets/images/dashboard-1/icon/2.png]
[admin.pixelstrap.net/admiro/assets/images/dashboard-1/icon/3.png]
[admin.pixelstrap.net/admiro/assets/images/dashboard-1/icon/4.png]
[admin.pixelstrap.net/admiro/assets/images/dashboard-1/icon/5.png]
[admin.pixelstrap.net/admiro/assets/images/dashboard-1/icon/6.png]
[admin.pixelstrap.net/admiro/assets/images/dashboard-1/icon/checked.png]
[admin.pixelstrap.net/admiro/assets/images/dashboard-1/icon/danger.png]
[admin.pixelstrap.net/admiro/assets/images/dashboard-1/icon/cancel.png]
[admin.pixelstrap.net/admiro/assets/images/dashboard-1/user/01.png]
[admin.pixelstrap.net/admiro/assets/images/dashboard-1/user/02.png]
[admin.pixelstrap.net/admiro/assets/images/dashboard-1/user/03.png]
[admin.pixelstrap.net/admiro/assets/images/dashboard-1/user/04.png]
[admin.pixelstrap.net/admiro/assets/images/dashboard-1/user/05.png]
[admin.pixelstrap.net/admiro/assets/images/dashboard-1/user/06.png]
[admin.pixelstrap.net/admiro/assets/images/dashboard-1/user/07.png]
[admin.pixelstrap.net/admiro/assets/images/dashboard-1/news-update/1.png]
[admin.pixelstrap.net/admiro/assets/images/dashboard-1/news-update/2.png]
[admin.pixelstrap.net/admiro/assets/images/dashboard-1/news-update/3.png]
[admin.pixelstrap.net/admiro/assets/images/dashboard-1/news-update/4.png]
[admin.pixelstrap.net/admiro/assets/images/dashboard-1/news-update/5.png]
[admin.pixelstrap.net/admiro/assets/images/dashboard-1/news-update/6.png]
[admin.pixelstrap.net/admiro/assets/images/dashboard-1/news-update/7.png]
[admin.pixelstrap.net/admiro/assets/js/vendors/jquery/jquery.min.js]
[admin.pixelstrap.net/admiro/assets/js/vendors/bootstrap/dist/js/bootstrap.bundle.min.js]
[admin.pixelstrap.net/admiro/assets/js/vendors/bootstrap/dist/js/popper.min.js]
[admin.pixelstrap.net/admiro/assets/js/vendors/font-awesome/fontawesome-min.js]
[admin.pixelstrap.net/admiro/assets/js/vendors/feather-icon/feather.min.js]
[admin.pixelstrap.net/admiro/assets/js/vendors/feather-icon/custom-script.js]
[admin.pixelstrap.net/admiro/assets/js/sidebar.js]
[admin.pixelstrap.net/admiro/assets/js/height-equal.js]
[admin.pixelstrap.net/admiro/assets/js/config.js]
[admin.pixelstrap.net/admiro/assets/js/chart/apex-chart/apex-chart.js]
[admin.pixelstrap.net/admiro/assets/js/chart/apex-chart/stock-prices.js]
[admin.pixelstrap.net/admiro/assets/js/scrollbar/simplebar.js]
[admin.pixelstrap.net/admiro/assets/js/scrollbar/custom.js]
[admin.pixelstrap.net/admiro/assets/js/slick/slick.min.js]
[admin.pixelstrap.net/admiro/assets/js/slick/slick.js]
[admin.pixelstrap.net/admiro/assets/js/js-datatables/datatables/jquery.dataTables.min.js]
[admin.pixelstrap.net/admiro/assets/js/js-datatables/datatables/datatable.custom.js]
[admin.pixelstrap.net/admiro/assets/js/js-datatables/datatables/datatable.custom1.js]
[admin.pixelstrap.net/admiro/assets/js/datatable/datatables/datatable.custom.js]
[admin.pixelstrap.net/admiro/assets/js/theme-customizer/customizer.js]
[admin.pixelstrap.net/admiro/assets/js/animation/tilt/tilt.jquery.js]
[admin.pixelstrap.net/admiro/assets/js/animation/tilt/tilt-custom.js]
[admin.pixelstrap.net/admiro/assets/js/dashboard/dashboard_1.js]
[admin.pixelstrap.net/admiro/template/index.html]
[admin.pixelstrap.net/admiro/assets/js/script.js]
[admin.pixelstrap.net/admiro/assets/css/vendors/flag-icon.css]
[admin.pixelstrap.net/admiro/assets/css/iconly-icon.css]
[admin.pixelstrap.net/admiro/assets/css/bulk-style.css]
[admin.pixelstrap.net/admiro/assets/css/themify.css]
[admin.pixelstrap.net/admiro/assets/css/fontawesome-min.css]
[admin.pixelstrap.net/admiro/assets/css/vendors/weather-icons/weather-icons.min.css]
[admin.pixelstrap.net/admiro/assets/css/vendors/scrollbar.css]
[admin.pixelstrap.net/admiro/assets/css/vendors/slick.css]
[admin.pixelstrap.net/admiro/assets/css/vendors/slick-theme.css]
[admin.pixelstrap.net/admiro/assets/images/other-images/profile-bg.png]
[admin.pixelstrap.net/admiro/assets/images/details_open.png]
[admin.pixelstrap.net/admiro/assets/images/details_close.png]
[admin.pixelstrap.net/admiro/assets/images/alert/bg-balance.png]
[admin.pixelstrap.net/admiro/assets/images/switch/square-gray.png]
[admin.pixelstrap.net/admiro/assets/images/avatars/1.jpg]
[admin.pixelstrap.net/admiro/assets/images/forms/flags.png]
[admin.pixelstrap.net/admiro/assets/images/other-images/boxbg.jpg]
[admin.pixelstrap.net/admiro/assets/images/blog/4.jpg]
[admin.pixelstrap.net/admiro/assets/images/blog/comment.jpg]
[admin.pixelstrap.net/admiro/assets/images/other-images/bg-profile.png]
[admin.pixelstrap.net/admiro/assets/images/social-app/social-image.png]
[admin.pixelstrap.net/admiro/assets/images/other-images/maintenance-bg.jpg]
[admin.pixelstrap.net/admiro/assets/images/login/2.jpg]
[admin.pixelstrap.net/admiro/assets/images/login/3.jpg]
[admin.pixelstrap.net/admiro/assets/images/login/1.jpg]
[admin.pixelstrap.net/admiro/assets/images/login/login_bg.jpg]
[admin.pixelstrap.net/admiro/assets/images/other-images/coming-soon-bg.jpg]
[admin.pixelstrap.net/admiro/assets/images/widget/widget-bg.png]
[admin.pixelstrap.net/admiro/assets/images/landing/landing-bg.png]
[admin.pixelstrap.net/admiro/assets/images/landing/bg-footer.png]
[admin.pixelstrap.net/admiro/assets/images/landing/bg-footer-2.png]
[admin.pixelstrap.net/admiro/assets/images/landing/Vector.png]
[admin.pixelstrap.net/admiro/assets/images/landing/polygon-1.png]
[admin.pixelstrap.net/admiro/assets/images/landing/polygon-2.png]
[admin.pixelstrap.net/admiro/assets/css/style.css]
[admin.pixelstrap.net/admiro/assets/css/color-1.css]
[admin.pixelstrap.net/admiro/assets/images/product/1.png]
[admin.pixelstrap.net/admiro/assets/images/product/13.png]
[admin.pixelstrap.net/admiro/assets/images/product/4.png]
[admin.pixelstrap.net/admiro/assets/js/touchspin/touchspin.js]
[admin.pixelstrap.net/admiro/assets/js/touchspin/input-groups.min.js]
[admin.pixelstrap.net/admiro/template/cart.html]
[admin.pixelstrap.net/admiro/assets/images/ecommerce/paypal.png]
[admin.pixelstrap.net/admiro/template/checkout.html]
[admin.pixelstrap.net/admiro/assets/css/vendors/todo.css]
[admin.pixelstrap.net/admiro/assets/images/user/user.png]
[admin.pixelstrap.net/admiro/assets/js/todo/todo.js]
[admin.pixelstrap.net/admiro/template/to-do.html]
[admin.pixelstrap.net/admiro/assets/js/chart/apex-chart/chart-custom.js]
[admin.pixelstrap.net/admiro/template/apex_chart.html]
[admin.pixelstrap.net/admiro/assets/css/vendors/photoswipe.css]
[admin.pixelstrap.net/admiro/assets/images/user/7.jpg]
[admin.pixelstrap.net/admiro/assets/images/other-images/profile-style-img3.png]
[admin.pixelstrap.net/admiro/assets/images/other-images/profile-style-img.png]
[admin.pixelstrap.net/admiro/assets/images/blog/img.png]
[admin.pixelstrap.net/admiro/assets/js/photoswipe/photoswipe.min.js]
[admin.pixelstrap.net/admiro/assets/js/photoswipe/photoswipe-ui-default.min.js]
[admin.pixelstrap.net/admiro/assets/js/photoswipe/photoswipe.js]
[admin.pixelstrap.net/admiro/assets/js/counter/jquery.waypoints.min.js]
[admin.pixelstrap.net/admiro/assets/js/counter/jquery.counterup.min.js]
[admin.pixelstrap.net/admiro/assets/js/counter/counter-custom.js]
[admin.pixelstrap.net/admiro/template/user-profile.html]
[admin.pixelstrap.net/admiro/assets/css/vendors/quill.snow.css]
[admin.pixelstrap.net/admiro/assets/images/user/6.jpg]
[admin.pixelstrap.net/admiro/assets/images/user/3.png]
[admin.pixelstrap.net/admiro/assets/images/user/10.jpg]
[admin.pixelstrap.net/admiro/assets/images/user/12.png]
[admin.pixelstrap.net/admiro/assets/images/user/14.png]
[admin.pixelstrap.net/admiro/assets/images/email-template/pdfs.png]
[admin.pixelstrap.net/admiro/assets/js/print.js]
[admin.pixelstrap.net/admiro/assets/js/letter-box/custom-mail-pagination.js]
[admin.pixelstrap.net/admiro/assets/js/letter-box/custom-usermail.js]
[admin.pixelstrap.net/admiro/assets/js/editors/quill.js]
[admin.pixelstrap.net/admiro/assets/js/editors/custom-quill.js]
[admin.pixelstrap.net/admiro/template/letter-box.html]
[admin.pixelstrap.net/admiro/assets/js/password.js]
[admin.pixelstrap.net/admiro/template/login.html]
[admin.pixelstrap.net/admiro/assets/css/vendors/swiper-bundle.min.css]
[admin.pixelstrap.net/admiro/assets/images/dashboard-2/user/01.png]
[admin.pixelstrap.net/admiro/assets/images/dashboard-2/user/02.png]
[admin.pixelstrap.net/admiro/assets/images/dashboard-2/user/03.png]
[admin.pixelstrap.net/admiro/assets/images/dashboard-2/user/04.png]
[admin.pixelstrap.net/admiro/assets/images/dashboard-2/user/05.png]
[admin.pixelstrap.net/admiro/assets/images/dashboard-2/user/06.png]
[admin.pixelstrap.net/admiro/assets/images/dashboard-2/user/07.png]
[admin.pixelstrap.net/admiro/assets/images/dashboard-2/flag/1.png]
[admin.pixelstrap.net/admiro/assets/images/dashboard-2/user/08.png]
[admin.pixelstrap.net/admiro/assets/images/dashboard-2/flag/2.png]
[admin.pixelstrap.net/admiro/assets/images/dashboard-2/user/09.png]
[admin.pixelstrap.net/admiro/assets/images/dashboard-2/flag/3.png]
[admin.pixelstrap.net/admiro/assets/images/dashboard-2/user/10.png]
[admin.pixelstrap.net/admiro/assets/images/dashboard-2/flag/4.png]
[admin.pixelstrap.net/admiro/assets/images/dashboard-2/user/11.png]
[admin.pixelstrap.net/admiro/assets/images/dashboard-2/flag/5.png]
[admin.pixelstrap.net/admiro/assets/images/dashboard-2/user/12.png]
[admin.pixelstrap.net/admiro/assets/images/dashboard-2/5.png]
[admin.pixelstrap.net/admiro/assets/images/dashboard-2/6.png]
[admin.pixelstrap.net/admiro/assets/images/dashboard-2/timeline/5.png]
[admin.pixelstrap.net/admiro/assets/images/dashboard-2/timeline/6.png]
[admin.pixelstrap.net/admiro/assets/images/dashboard-2/4.png]
[admin.pixelstrap.net/admiro/assets/images/dashboard-2/animate/1.png]
[admin.pixelstrap.net/admiro/assets/images/dashboard-2/animate/2.png]
[admin.pixelstrap.net/admiro/assets/images/dashboard-2/animate/3.png]
[admin.pixelstrap.net/admiro/assets/images/dashboard-2/animate/4.png]
[admin.pixelstrap.net/admiro/assets/images/dashboard-2/animate/5.png]
[admin.pixelstrap.net/admiro/assets/images/dashboard-2/user/13.png]
[admin.pixelstrap.net/admiro/assets/images/dashboard-2/user/14.png]
[admin.pixelstrap.net/admiro/assets/images/dashboard-2/user/15.png]
[admin.pixelstrap.net/admiro/assets/images/dashboard-2/user/16.png]
[admin.pixelstrap.net/admiro/assets/images/dashboard-2/user/17.png]
[admin.pixelstrap.net/admiro/assets/images/dashboard-2/user/18.png]
[admin.pixelstrap.net/admiro/assets/js/touchspin_2/custom_touchspin.js]
[admin.pixelstrap.net/admiro/assets/js/vendors/swiper/swiper-bundle.min.js]
[admin.pixelstrap.net/admiro/template/dashboard-02.html]
[admin.pixelstrap.net/admiro/assets/js/dashboard/dashboard_2.js]
[admin.pixelstrap.net/admiro/assets/css/vendors/date-picker.css]
[admin.pixelstrap.net/admiro/assets/images/dashboard-3/user/20.png]
[admin.pixelstrap.net/admiro/assets/images/dashboard-3/user/21.png]
[admin.pixelstrap.net/admiro/assets/images/dashboard-3/user/22.png]
[admin.pixelstrap.net/admiro/assets/images/dashboard-3/user/7.png]
[admin.pixelstrap.net/admiro/assets/images/dashboard-3/user/8.png]
[admin.pixelstrap.net/admiro/assets/images/dashboard-3/user/9.png]
[admin.pixelstrap.net/admiro/assets/images/dashboard-3/user/10.png]
[admin.pixelstrap.net/admiro/assets/images/dashboard-3/user/11.png]
[admin.pixelstrap.net/admiro/assets/images/dashboard-3/user/12.png]
[admin.pixelstrap.net/admiro/assets/images/dashboard-3/user/13.png]
[admin.pixelstrap.net/admiro/assets/images/dashboard-3/user/14.png]
[admin.pixelstrap.net/admiro/assets/images/dashboard-3/user/15.png]
[admin.pixelstrap.net/admiro/assets/images/dashboard-3/user/16.png]
[admin.pixelstrap.net/admiro/assets/images/dashboard-3/user/17.png]
[admin.pixelstrap.net/admiro/assets/images/dashboard-3/user/18.png]
[admin.pixelstrap.net/admiro/assets/images/dashboard-3/user/19.png]
[admin.pixelstrap.net/admiro/assets/images/dashboard-3/user/1.png]
[admin.pixelstrap.net/admiro/assets/images/dashboard-3/user/2.png]
[admin.pixelstrap.net/admiro/assets/images/dashboard-3/user/3.png]
[admin.pixelstrap.net/admiro/assets/images/dashboard-3/user/4.png]
[admin.pixelstrap.net/admiro/assets/images/dashboard-3/user/5.png]
[admin.pixelstrap.net/admiro/assets/images/dashboard-3/user/6.png]
[admin.pixelstrap.net/admiro/assets/js/datepicker/date-picker/datepicker.js]
[admin.pixelstrap.net/admiro/assets/js/datepicker/date-picker/datepicker.en.js]
[admin.pixelstrap.net/admiro/assets/js/datepicker/date-picker/datepicker.custom.js]
[admin.pixelstrap.net/admiro/assets/js/dashboard/dashboard_3.js]
[admin.pixelstrap.net/admiro/assets/js/chart/echart/pie-chart/facePrint.js]
[admin.pixelstrap.net/admiro/assets/js/chart/echart/pie-chart/testHelper.js]
[admin.pixelstrap.net/admiro/assets/js/chart/echart/pie-chart/custom-transition-texture.js]
[admin.pixelstrap.net/admiro/assets/js/chart/echart/data/symbols.js]
[admin.pixelstrap.net/admiro/assets/js/chart/morris-chart/raphael.js]
[admin.pixelstrap.net/admiro/assets/js/chart/morris-chart/morris.js]
[admin.pixelstrap.net/admiro/assets/js/chart/morris-chart/prettify.min.js]
[admin.pixelstrap.net/admiro/template/dashboard-03.html]
[admin.pixelstrap.net/admiro/assets/js/widget/general-widget.js]
[admin.pixelstrap.net/admiro/template/general-widget.html]
[admin.pixelstrap.net/admiro/assets/css/vendors/prism.css]
[admin.pixelstrap.net/admiro/assets/js/chart/apex-chart/moment.min.js]
[admin.pixelstrap.net/admiro/assets/js/prism/prism.min.js]
[admin.pixelstrap.net/admiro/assets/js/clipboard/clipboard.min.js]
[admin.pixelstrap.net/admiro/assets/js/custom-card/custom-card.js]
[admin.pixelstrap.net/admiro/assets/js/chart-widget.js]
[admin.pixelstrap.net/admiro/template/chart-widget.html]
[admin.pixelstrap.net/admiro/template/box-layout.html]
[admin.pixelstrap.net/admiro/template/layout-rtl.html]
[admin.pixelstrap.net/admiro/template/layout-dark.html]
[admin.pixelstrap.net/admiro/assets/images/user/4.jpg]
[admin.pixelstrap.net/admiro/assets/images/user/3.jpg]
[admin.pixelstrap.net/admiro/assets/images/user/5.jpg]
[admin.pixelstrap.net/admiro/assets/images/user/1.jpg]
[admin.pixelstrap.net/admiro/assets/images/user/2.jpg]
[admin.pixelstrap.net/admiro/assets/images/user/8.jpg]
[admin.pixelstrap.net/admiro/assets/images/user/9.jpg]
[admin.pixelstrap.net/admiro/template/project-list.html]
[admin.pixelstrap.net/admiro/assets/css/vendors/dropzone.css]
[admin.pixelstrap.net/admiro/assets/js/dropzone/dropzone.js]
[admin.pixelstrap.net/admiro/assets/js/dropzone/dropzone-script.js]
[admin.pixelstrap.net/admiro/template/projectcreate.html]
[admin.pixelstrap.net/admiro/assets/images/file-manager/folder.png]
[admin.pixelstrap.net/admiro/template/file-manager.html]
[admin.pixelstrap.net/admiro/assets/js/jkanban/jkanban.js]
[admin.pixelstrap.net/admiro/template/kanban-board.html]
[admin.pixelstrap.net/admiro/assets/js/jkanban/custom.js]
[admin.pixelstrap.net/admiro/assets/css/vendors/flatpickr/flatpickr.min.css]
[admin.pixelstrap.net/admiro/assets/css/vendors/intltelinput.min.css]
[admin.pixelstrap.net/admiro/assets/css/vendors/tagify.css]
[admin.pixelstrap.net/admiro/assets/js/form-validation-custom.js]
[admin.pixelstrap.net/admiro/assets/js/flat-pickr/flatpickr.js]
[admin.pixelstrap.net/admiro/assets/js/flat-pickr/custom-flatpickr.js]
[admin.pixelstrap.net/admiro/assets/js/vendors/@yaireo/tagify/dist/tagify.js]
[admin.pixelstrap.net/admiro/assets/js/vendors/@yaireo/tagify/dist/tagify.polyfills.min.js]
[admin.pixelstrap.net/admiro/assets/js/vendors/@yaireo/tagify/dist/intlTelInput.min.js]
[admin.pixelstrap.net/admiro/assets/js/add-product/select4-custom.js]
[admin.pixelstrap.net/admiro/assets/js/custom-add-product.js]
[admin.pixelstrap.net/admiro/template/add-products.html]
[admin.pixelstrap.net/admiro/assets/css/vendors/rangeslider/rSlider.min.css]
[admin.pixelstrap.net/admiro/assets/images/ecommerce/01.jpg]
[admin.pixelstrap.net/admiro/assets/images/ecommerce/02.jpg]
[admin.pixelstrap.net/admiro/assets/images/ecommerce/03.jpg]
[admin.pixelstrap.net/admiro/assets/images/ecommerce/04.jpg]
[admin.pixelstrap.net/admiro/assets/images/ecommerce/05.jpg]
[admin.pixelstrap.net/admiro/assets/images/ecommerce/06.jpg]
[admin.pixelstrap.net/admiro/assets/images/ecommerce/banner.jpg]
[admin.pixelstrap.net/admiro/assets/js/product/custom-product.js]
[admin.pixelstrap.net/admiro/assets/js/vendors/range-slider/rSlider.min.js]
[admin.pixelstrap.net/admiro/assets/js/rangeslider/rangeslider.js]
[admin.pixelstrap.net/admiro/assets/js/product/product-tab.js]
[admin.pixelstrap.net/admiro/template/product.html]
[admin.pixelstrap.net/admiro/assets/css/vendors/owlcarousel.css]
[admin.pixelstrap.net/admiro/assets/images/ecommerce/07.jpg]
[admin.pixelstrap.net/admiro/assets/images/ecommerce/08.jpg]
[admin.pixelstrap.net/admiro/assets/js/owlcarousel/owl.carousel.js]
[admin.pixelstrap.net/admiro/assets/js/owlcarousel/owl-custom.js]
[admin.pixelstrap.net/admiro/assets/js/ecommerce.js]
[admin.pixelstrap.net/admiro/template/product-page.html]
[admin.pixelstrap.net/admiro/assets/css/vendors/simple-datatables/dist/style.css]
[admin.pixelstrap.net/admiro/assets/images/product/category/1.png]
[admin.pixelstrap.net/admiro/assets/images/product/category/2.png]
[admin.pixelstrap.net/admiro/assets/images/product/product-categories/1.png]
[admin.pixelstrap.net/admiro/assets/images/product/category/3.png]
[admin.pixelstrap.net/admiro/assets/images/product/category/4.png]
[admin.pixelstrap.net/admiro/assets/images/product/category/5.png]
[admin.pixelstrap.net/admiro/assets/images/product/2.png]
[admin.pixelstrap.net/admiro/assets/images/product/product-categories/watch.png]
[admin.pixelstrap.net/admiro/assets/images/product/12.png]
[admin.pixelstrap.net/admiro/assets/js/js-datatables/simple-datatables@latest.js]
[admin.pixelstrap.net/admiro/assets/js/custom-list-product.js]
[admin.pixelstrap.net/admiro/template/category.html]
[admin.pixelstrap.net/admiro/assets/images/product/product-categories/laptop.png]
[admin.pixelstrap.net/admiro/assets/images/product/product-categories/headphone.png]
[admin.pixelstrap.net/admiro/assets/images/product/product-categories/wireless-headphone.png]
[admin.pixelstrap.net/admiro/assets/images/product/product-categories/2.png]
[admin.pixelstrap.net/admiro/assets/images/product/product-categories/ipad.png]
[admin.pixelstrap.net/admiro/assets/images/product/product-categories/mouse.png]
[admin.pixelstrap.net/admiro/assets/images/product/product-categories/dvd.png]
[admin.pixelstrap.net/admiro/assets/images/product/product-categories/speaker.png]
[admin.pixelstrap.net/admiro/template/list-products.html]
[admin.pixelstrap.net/admiro/assets/images/ecommerce/card.png]
[admin.pixelstrap.net/admiro/assets/images/ecommerce/mastercard.png]
[admin.pixelstrap.net/admiro/assets/images/ecommerce/visa.png]
[admin.pixelstrap.net/admiro/template/payment-details.html]
[admin.pixelstrap.net/admiro/assets/css/vendors/datatables.css]
[admin.pixelstrap.net/admiro/assets/images/ecommerce/product-table-6.png]
[admin.pixelstrap.net/admiro/assets/images/ecommerce/product-table-5.png]
[admin.pixelstrap.net/admiro/assets/images/ecommerce/product-table-4.png]
[admin.pixelstrap.net/admiro/assets/images/ecommerce/product-table-3.png]
[admin.pixelstrap.net/admiro/assets/images/ecommerce/product-table-2.png]
[admin.pixelstrap.net/admiro/assets/images/ecommerce/product-table-1.png]
[admin.pixelstrap.net/admiro/assets/images/product/10.png]
[admin.pixelstrap.net/admiro/assets/images/product/3.png]
[admin.pixelstrap.net/admiro/assets/images/product/15.png]
[admin.pixelstrap.net/admiro/assets/images/product/14.png]
[admin.pixelstrap.net/admiro/assets/images/product/11.png]
[admin.pixelstrap.net/admiro/assets/js/datatable/datatables/jquery.dataTables.min.js]
[admin.pixelstrap.net/admiro/template/order-history.html]
[admin.pixelstrap.net/admiro/assets/images/email-template/invoice-1/1.png]
[admin.pixelstrap.net/admiro/assets/images/email-template/invoice-1/sign.png]
[admin.pixelstrap.net/admiro/template/invoices-1.html]
[admin.pixelstrap.net/admiro/assets/images/email-template/4.png]
[admin.pixelstrap.net/admiro/assets/images/email-template/3.png]
[admin.pixelstrap.net/admiro/assets/images/email-template/2.png]
[admin.pixelstrap.net/admiro/assets/images/email-template/1.png]
[admin.pixelstrap.net/admiro/template/invoices-2.html]
[admin.pixelstrap.net/admiro/assets/images/email-template/invoice-3/bg-0.png]
[admin.pixelstrap.net/admiro/template/invoices-3.html]
[admin.pixelstrap.net/admiro/assets/images/email-template/invoice-3/sign.png]
[admin.pixelstrap.net/admiro/template/invoices-4.html]
[admin.pixelstrap.net/admiro/template/invoices-5.html]
[admin.pixelstrap.net/admiro/assets/images/other-images/logo-login.png]
[admin.pixelstrap.net/admiro/assets/images/other-images/dark-logo-login.png]
[admin.pixelstrap.net/admiro/assets/images/other-images/paypal.png]
[admin.pixelstrap.net/admiro/template/invoices-6.html]
[admin.pixelstrap.net/admiro/template/list-wish.html]
[admin.pixelstrap.net/admiro/template/pricing.html]
[admin.pixelstrap.net/admiro/assets/css/vendors/emoji/uikit.min.css]
[admin.pixelstrap.net/admiro/assets/images/avtar/3.jpg]
[admin.pixelstrap.net/admiro/assets/images/avtar/11.jpg]
[admin.pixelstrap.net/admiro/assets/images/avtar/7.jpg]
[admin.pixelstrap.net/admiro/assets/images/avtar/16.jpg]
[admin.pixelstrap.net/admiro/assets/images/avtar/4.jpg]
[admin.pixelstrap.net/admiro/assets/images/blog/12.png]
[admin.pixelstrap.net/admiro/assets/images/blog/9.jpg]
[admin.pixelstrap.net/admiro/assets/images/blog/14.png]
[admin.pixelstrap.net/admiro/assets/js/common-chat.js]
[admin.pixelstrap.net/admiro/assets/js/emoji-js/uikit.min.js]
[admin.pixelstrap.net/admiro/assets/js/emoji-js/custom-emoji.js]
[admin.pixelstrap.net/admiro/template/private-chat.html]
[admin.pixelstrap.net/admiro/assets/js/emoji-js/custom-emojis.js]
[admin.pixelstrap.net/admiro/template/group-chat.html]
[admin.pixelstrap.net/admiro/template/edit-profile.html]
[admin.pixelstrap.net/admiro/assets/images/other-images/profile.png]
[admin.pixelstrap.net/admiro/template/user-cards.html]
[admin.pixelstrap.net/admiro/assets/images/user/2.png]
[admin.pixelstrap.net/admiro/assets/css/vendors/select2.css]
[admin.pixelstrap.net/admiro/assets/images/lightgallry/01.jpg]
[admin.pixelstrap.net/admiro/assets/images/lightgallry/02.jpg]
[admin.pixelstrap.net/admiro/assets/images/lightgallry/03.jpg]
[admin.pixelstrap.net/admiro/assets/images/lightgallry/04.jpg]
[admin.pixelstrap.net/admiro/assets/images/lightgallry/05.jpg]
[admin.pixelstrap.net/admiro/assets/images/lightgallry/06.jpg]
[admin.pixelstrap.net/admiro/assets/images/lightgallry/07.jpg]
[admin.pixelstrap.net/admiro/assets/js/select2/select2.full.min.js]
[admin.pixelstrap.net/admiro/assets/js/select2/select2-custom.js]
[admin.pixelstrap.net/admiro/assets/js/bookmark/jquery.validate.min.js]
[admin.pixelstrap.net/admiro/template/bookmark.html]
[admin.pixelstrap.net/admiro/assets/js/bookmark/custom.js]
[admin.pixelstrap.net/admiro/assets/css/vendors/sweetalert2.css]
[admin.pixelstrap.net/admiro/assets/js/sweetalert/sweetalert.min.js]
[admin.pixelstrap.net/admiro/assets/js/notify/bootstrap-notify.min.js]
[admin.pixelstrap.net/admiro/template/contacts.html]
[admin.pixelstrap.net/admiro/assets/js/contacts/custom.js]
[admin.pixelstrap.net/admiro/template/task.html]
[admin.pixelstrap.net/admiro/assets/css/vendors/calendar.css]
[admin.pixelstrap.net/admiro/assets/js/calendar/fullcalendar.min.js]
[admin.pixelstrap.net/admiro/template/calendar-basic.html]
[admin.pixelstrap.net/admiro/assets/js/calendar/fullcalendar-custom.js]
[admin.pixelstrap.net/admiro/assets/images/user/11.png]
[admin.pixelstrap.net/admiro/assets/images/social-app/timeline-3.png]
[admin.pixelstrap.net/admiro/assets/images/social-app/timeline-1.png]
[admin.pixelstrap.net/admiro/assets/images/social-app/timeline-2.png]
[admin.pixelstrap.net/admiro/assets/images/social-app/post-1.png]
[admin.pixelstrap.net/admiro/assets/images/social-app/post-2.png]
[admin.pixelstrap.net/admiro/assets/images/social-app/post-3.png]
[admin.pixelstrap.net/admiro/assets/images/social-app/post-4.png]
[admin.pixelstrap.net/admiro/assets/images/social-app/post-5.png]
[admin.pixelstrap.net/admiro/assets/images/social-app/post-6.png]
[admin.pixelstrap.net/admiro/assets/images/social-app/post-7.png]
[admin.pixelstrap.net/admiro/assets/images/social-app/post-8.png]
[admin.pixelstrap.net/admiro/assets/images/social-app/timeline-4.png]
[admin.pixelstrap.net/admiro/assets/images/social-app/post-9.png]
[admin.pixelstrap.net/admiro/assets/images/big-lightgallry/01.jpg]
[admin.pixelstrap.net/admiro/assets/images/big-lightgallry/02.jpg]
[admin.pixelstrap.net/admiro/assets/images/big-lightgallry/03.jpg]
[admin.pixelstrap.net/admiro/assets/images/big-lightgallry/04.jpg]
[admin.pixelstrap.net/admiro/assets/images/big-lightgallry/05.jpg]
[admin.pixelstrap.net/admiro/assets/images/big-lightgallry/011.jpg]
[admin.pixelstrap.net/admiro/assets/images/lightgallry/011.jpg]
[admin.pixelstrap.net/admiro/assets/images/big-lightgallry/010.jpg]
[admin.pixelstrap.net/admiro/assets/images/lightgallry/010.jpg]
[admin.pixelstrap.net/admiro/assets/images/big-lightgallry/08.jpg]
[admin.pixelstrap.net/admiro/assets/images/lightgallry/08.jpg]
[admin.pixelstrap.net/admiro/template/social-app.html]
[admin.pixelstrap.net/admiro/assets/images/blog/blog.jpg]
[admin.pixelstrap.net/admiro/template/search.html]
[admin.pixelstrap.net/admiro/assets/js/popover.js]
[admin.pixelstrap.net/admiro/assets/js/tooltip.js]
[admin.pixelstrap.net/admiro/template/buttons.html]
[admin.pixelstrap.net/admiro/template/typography.html]
[admin.pixelstrap.net/admiro/assets/images/users/6.png]
[admin.pixelstrap.net/admiro/template/avatars.html]
[admin.pixelstrap.net/admiro/assets/js/alert.js]
[admin.pixelstrap.net/admiro/template/alert.html]
[admin.pixelstrap.net/admiro/template/helper-classes.html]
[admin.pixelstrap.net/admiro/template/grid.html]
[admin.pixelstrap.net/admiro/template/accordion.html]
[admin.pixelstrap.net/admiro/template/tag-pills.html]
[admin.pixelstrap.net/admiro/assets/images/gif/online-shopping.gif]
[admin.pixelstrap.net/admiro/assets/images/gif/danger.gif]
[admin.pixelstrap.net/admiro/assets/images/gif/whatapp.gif]
[admin.pixelstrap.net/admiro/assets/images/gif/instagram.gif]
[admin.pixelstrap.net/admiro/assets/images/gif/facebook.gif]
[admin.pixelstrap.net/admiro/assets/images/gif/logout.gif]
[admin.pixelstrap.net/admiro/assets/images/alert/social.png]
[admin.pixelstrap.net/admiro/assets/images/alert/learning.png]
[admin.pixelstrap.net/admiro/assets/images/alert/balance.png]
[admin.pixelstrap.net/admiro/template/modal.html]
[admin.pixelstrap.net/admiro/template/popover.html]
[admin.pixelstrap.net/admiro/template/progress-bar.html]
[admin.pixelstrap.net/admiro/assets/images/dashboard-2/3.png]
[admin.pixelstrap.net/admiro/template/tab-bootstrap.html]
[admin.pixelstrap.net/admiro/template/tooltip.html]
[admin.pixelstrap.net/admiro/template/dropdown.html]
[admin.pixelstrap.net/admiro/assets/images/user/img.png]
[admin.pixelstrap.net/admiro/template/list.html]
[admin.pixelstrap.net/admiro/assets/css/vendors/scrollable.css]
[admin.pixelstrap.net/admiro/assets/images/banner/1.jpg]
[admin.pixelstrap.net/admiro/assets/images/banner/3.jpg]
[admin.pixelstrap.net/admiro/assets/images/scrollbar/fashion1.jpg]
[admin.pixelstrap.net/admiro/assets/images/scrollbar/fashion2.jpg]
[admin.pixelstrap.net/admiro/assets/images/scrollbar/fashion3.jpg]
[admin.pixelstrap.net/admiro/assets/images/scrollbar/fashion4.jpg]
[admin.pixelstrap.net/admiro/assets/images/scrollbar/fashion5.jpg]
[admin.pixelstrap.net/admiro/assets/images/scrollbar/fashion6.jpg]
[admin.pixelstrap.net/admiro/assets/images/banner/2.jpg]
[admin.pixelstrap.net/admiro/assets/images/email/3.jpg]
[admin.pixelstrap.net/admiro/assets/js/scrollable/perfect-scrollbar.min.js]
[admin.pixelstrap.net/admiro/assets/js/scrollable/scrollable-custom.js]
[admin.pixelstrap.net/admiro/template/scrollable.html]
[admin.pixelstrap.net/admiro/assets/css/vendors/tree.css]
[admin.pixelstrap.net/admiro/assets/js/tree/tree.js]
[admin.pixelstrap.net/admiro/assets/js/tree/tree.min.js]
[admin.pixelstrap.net/admiro/assets/js/tree/tree-custom.js]
[admin.pixelstrap.net/admiro/template/tree.html]
[admin.pixelstrap.net/admiro/assets/js/toasts-custom.js]
[admin.pixelstrap.net/admiro/template/toasts.html]
[admin.pixelstrap.net/admiro/assets/images/other-images/emoji/angry.png]
[admin.pixelstrap.net/admiro/assets/images/other-images/emoji/sad.png]
[admin.pixelstrap.net/admiro/assets/images/other-images/emoji/think.png]
[admin.pixelstrap.net/admiro/assets/images/other-images/emoji/smile.png]
[admin.pixelstrap.net/admiro/assets/images/other-images/emoji/love.png]
[admin.pixelstrap.net/admiro/assets/js/rating-custom.js]
[admin.pixelstrap.net/admiro/template/rating.html]
[admin.pixelstrap.net/admiro/assets/css/vendors/filepond.css]
[admin.pixelstrap.net/admiro/assets/css/vendors/filepond-plugin-image-preview.css]
[admin.pixelstrap.net/admiro/assets/js/filepond/filepond-plugin-image-preview.js]
[admin.pixelstrap.net/admiro/assets/js/filepond/filepond-plugin-file-rename.js]
[admin.pixelstrap.net/admiro/assets/js/filepond/filepond-plugin-image-transform.js]
[admin.pixelstrap.net/admiro/assets/js/filepond/filepond.js]
[admin.pixelstrap.net/admiro/assets/js/filepond/custom-filepond.js]
[admin.pixelstrap.net/admiro/template/dropzone.html]
[admin.pixelstrap.net/admiro/assets/css/vendors/tour.css]
[admin.pixelstrap.net/admiro/assets/images/other-images/mountain.jpg]
[admin.pixelstrap.net/admiro/assets/images/other-images/sea.jpg]
[admin.pixelstrap.net/admiro/assets/images/other-images/sidebar-bg.jpg]
[admin.pixelstrap.net/admiro/assets/js/tour/intro.js]
[admin.pixelstrap.net/admiro/assets/js/tour/intro-init.js]
[admin.pixelstrap.net/admiro/template/tour.html]
[admin.pixelstrap.net/admiro/assets/js/sweetalert/sweetalert2.min.js]
[admin.pixelstrap.net/admiro/assets/js/sweetalert/sweetalert-custom.js]
[admin.pixelstrap.net/admiro/template/sweetalert2.html]
[admin.pixelstrap.net/admiro/assets/css/vendors/animate.css]
[admin.pixelstrap.net/admiro/assets/images/slider/6.jpg]
[admin.pixelstrap.net/admiro/assets/js/modal-animated.js]
[admin.pixelstrap.net/admiro/template/modal-animated.html]
[admin.pixelstrap.net/admiro/assets/images/slider/11.jpg]
[admin.pixelstrap.net/admiro/assets/images/slider/9.jpg]
[admin.pixelstrap.net/admiro/assets/images/slider/7.jpg]
[admin.pixelstrap.net/admiro/assets/images/slider/10.jpg]
[admin.pixelstrap.net/admiro/assets/images/slider/4.jpg]
[admin.pixelstrap.net/admiro/assets/images/slider/1.jpg]
[admin.pixelstrap.net/admiro/assets/images/slider/2.jpg]
[admin.pixelstrap.net/admiro/assets/images/slider/3.jpg]
[admin.pixelstrap.net/admiro/assets/images/slider/5.jpg]
[admin.pixelstrap.net/admiro/assets/images/slider/8.jpg]
[admin.pixelstrap.net/admiro/assets/js/swiper/swiper-custom.js]
[admin.pixelstrap.net/admiro/template/slider.html]
[admin.pixelstrap.net/admiro/template/ribbons.html]
[admin.pixelstrap.net/admiro/template/pagination.html]
[admin.pixelstrap.net/admiro/template/breadcrumb.html]
[admin.pixelstrap.net/admiro/assets/css/vendors/range.css]
[admin.pixelstrap.net/admiro/assets/js/range/rangeslider.nostyle.umd.min.js]
[admin.pixelstrap.net/admiro/assets/js/range/rangeslider.umd.min.js]
[admin.pixelstrap.net/admiro/assets/js/range/range-custom.js]
[admin.pixelstrap.net/admiro/template/range-slider.html]
[admin.pixelstrap.net/admiro/assets/css/vendors/image-cropper.css]
[admin.pixelstrap.net/admiro/assets/images/other-images/img-cropper.jpg]
[admin.pixelstrap.net/admiro/assets/js/image-cropper/cropper.js]
[admin.pixelstrap.net/admiro/assets/js/image-cropper/cropper-main.js]
[admin.pixelstrap.net/admiro/template/image-cropper.html]
[admin.pixelstrap.net/admiro/assets/images/other-images/headphones.png]
[admin.pixelstrap.net/admiro/template/basic-card.html]
[admin.pixelstrap.net/admiro/template/creative-card.html]
[admin.pixelstrap.net/admiro/assets/js/vendors/sortablejs/sortable.min.js]
[admin.pixelstrap.net/admiro/assets/js/draggable-custom.js]
[admin.pixelstrap.net/admiro/template/dragable-card.html]
[admin.pixelstrap.net/admiro/assets/css/vendors/timeline/timeline.css]
[admin.pixelstrap.net/admiro/assets/js/timeline/timeline.js]
[admin.pixelstrap.net/admiro/assets/js/timeline/modernizr.js]
[admin.pixelstrap.net/admiro/template/timeline.html]
[admin.pixelstrap.net/admiro/assets/css/vendors/aos.css]
[admin.pixelstrap.net/admiro/assets/images/big-masonry/1.jpg]
[admin.pixelstrap.net/admiro/assets/images/masonry/1.jpg]
[admin.pixelstrap.net/admiro/assets/images/big-masonry/2.jpg]
[admin.pixelstrap.net/admiro/assets/images/masonry/2.jpg]
[admin.pixelstrap.net/admiro/assets/images/big-masonry/3.jpg]
[admin.pixelstrap.net/admiro/assets/images/masonry/3.jpg]
[admin.pixelstrap.net/admiro/assets/images/big-masonry/4.jpg]
[admin.pixelstrap.net/admiro/assets/images/masonry/4.jpg]
[admin.pixelstrap.net/admiro/assets/images/big-masonry/5.jpg]
[admin.pixelstrap.net/admiro/assets/images/masonry/5.jpg]
[admin.pixelstrap.net/admiro/assets/images/big-masonry/6.jpg]
[admin.pixelstrap.net/admiro/assets/images/masonry/6.jpg]
[admin.pixelstrap.net/admiro/assets/images/big-masonry/7.jpg]
[admin.pixelstrap.net/admiro/assets/images/masonry/7.jpg]
[admin.pixelstrap.net/admiro/assets/images/big-masonry/8.jpg]
[admin.pixelstrap.net/admiro/assets/images/masonry/8.jpg]
[admin.pixelstrap.net/admiro/assets/images/big-masonry/9.jpg]
[admin.pixelstrap.net/admiro/assets/images/masonry/9.jpg]
[admin.pixelstrap.net/admiro/assets/images/big-masonry/10.jpg]
[admin.pixelstrap.net/admiro/assets/images/masonry/10.jpg]
[admin.pixelstrap.net/admiro/assets/images/big-masonry/11.jpg]
[admin.pixelstrap.net/admiro/assets/images/masonry/11.jpg]
[admin.pixelstrap.net/admiro/assets/images/big-masonry/12.jpg]
[admin.pixelstrap.net/admiro/assets/images/masonry/12.jpg]
[admin.pixelstrap.net/admiro/assets/images/big-masonry/14.jpg]
[admin.pixelstrap.net/admiro/assets/images/masonry/14.jpg]
[admin.pixelstrap.net/admiro/assets/images/big-masonry/15.jpg]
[admin.pixelstrap.net/admiro/assets/images/masonry/15.jpg]
[admin.pixelstrap.net/admiro/assets/images/big-masonry/13.jpg]
[admin.pixelstrap.net/admiro/assets/images/masonry/13.jpg]
[admin.pixelstrap.net/admiro/assets/js/header-slick.js]
[admin.pixelstrap.net/admiro/assets/js/animation/aos/aos.js]
[admin.pixelstrap.net/admiro/assets/js/animation/aos/aos-init.js]
[admin.pixelstrap.net/admiro/assets/js/isotope.pkgd.min.js]
[admin.pixelstrap.net/admiro/assets/js/masonry-gallery.js]
[admin.pixelstrap.net/admiro/template/AOS.html]
[admin.pixelstrap.net/admiro/assets/js/animation/wow/wow.min.js]
[admin.pixelstrap.net/admiro/assets/js/animation/wow-init.js]
[admin.pixelstrap.net/admiro/template/WOW.html]
[admin.pixelstrap.net/admiro/assets/js/icon/icons-notify.js]
[admin.pixelstrap.net/admiro/assets/js/icon/icon.js]
[admin.pixelstrap.net/admiro/template/font-awesome.html]
[admin.pixelstrap.net/admiro/assets/js/icon/feather-icon-clipart.js]
[admin.pixelstrap.net/admiro/template/feather_icon.html]
[admin.pixelstrap.net/admiro/assets/js/icon/iconly.js]
[admin.pixelstrap.net/admiro/assets/js/icon/iconly_icon.js]
[admin.pixelstrap.net/admiro/template/iconly-icon.html]
[admin.pixelstrap.net/admiro/assets/js/icon/icon-clipart.js]
[admin.pixelstrap.net/admiro/template/themify-icon.html]
[admin.pixelstrap.net/admiro/assets/css/vendors/echart.css]
[admin.pixelstrap.net/admiro/assets/js/chart/echart/esl.js]
[admin.pixelstrap.net/admiro/assets/js/chart/echart/config.js]
[admin.pixelstrap.net/admiro/template/echarts.html]
[admin.pixelstrap.net/admiro/assets/js/chart/echart/custom.js]
[admin.pixelstrap.net/admiro/assets/js/chart/google/google-chart-loader.js]
[admin.pixelstrap.net/admiro/template/chart-google.html]
[admin.pixelstrap.net/admiro/assets/js/chart/google/google-chart.js]
[admin.pixelstrap.net/admiro/assets/js/chart/sparkline/sparkline.js]
[admin.pixelstrap.net/admiro/template/chart-sparkline.html]
[admin.pixelstrap.net/admiro/assets/js/chart/sparkline/sparkline-script.js]
[admin.pixelstrap.net/admiro/assets/js/chart/flot-chart/excanvas.js]
[admin.pixelstrap.net/admiro/assets/js/chart/flot-chart/jquery.flot.js]
[admin.pixelstrap.net/admiro/assets/js/chart/flot-chart/jquery.flot.time.js]
[admin.pixelstrap.net/admiro/assets/js/chart/flot-chart/jquery.flot.categories.js]
[admin.pixelstrap.net/admiro/assets/js/chart/flot-chart/jquery.flot.stack.js]
[admin.pixelstrap.net/admiro/assets/js/chart/flot-chart/jquery.flot.pie.js]
[admin.pixelstrap.net/admiro/assets/js/chart/flot-chart/jquery.flot.symbol.js]
[admin.pixelstrap.net/admiro/assets/js/chart/flot-chart/flot-script.js]
[admin.pixelstrap.net/admiro/template/chart-flot.html]
[admin.pixelstrap.net/admiro/assets/js/chart/knob/knob.min.js]
[admin.pixelstrap.net/admiro/assets/js/chart/knob/knob-chart.js]
[admin.pixelstrap.net/admiro/template/chart-knob.html]
[admin.pixelstrap.net/admiro/assets/js/chart/morris-chart/morris-script.js]
[admin.pixelstrap.net/admiro/template/chart-morris.html]
[admin.pixelstrap.net/admiro/assets/js/chart/chartjs/chart.min.js]
[admin.pixelstrap.net/admiro/assets/js/chart/chartjs/chart.custom.js]
[admin.pixelstrap.net/admiro/template/chartjs.html]
[admin.pixelstrap.net/admiro/assets/css/vendors/chartist.css]
[admin.pixelstrap.net/admiro/assets/js/chart/chartist/chartist.js]
[admin.pixelstrap.net/admiro/assets/js/chart/chartist/chartist-plugin-tooltip.js]
[admin.pixelstrap.net/admiro/assets/js/chart/chartist/chartist-custom.js]
[admin.pixelstrap.net/admiro/template/chartist_chart.html]
[admin.pixelstrap.net/admiro/assets/js/chart/peity-chart/peity.jquery.js]
[admin.pixelstrap.net/admiro/assets/js/chart/peity-chart/peity-custom.js]
[admin.pixelstrap.net/admiro/template/chart-peity.html]
[admin.pixelstrap.net/admiro/template/base-input.html]
[admin.pixelstrap.net/admiro/template/form-validation.html]
[admin.pixelstrap.net/admiro/assets/images/switch/1.jpg]
[admin.pixelstrap.net/admiro/assets/images/switch/2.jpg]
[admin.pixelstrap.net/admiro/assets/images/switch/3.jpg]
[admin.pixelstrap.net/admiro/assets/images/switch/4.jpg]
[admin.pixelstrap.net/admiro/assets/images/switch/5.jpg]
[admin.pixelstrap.net/admiro/assets/images/switch/6.jpg]
[admin.pixelstrap.net/admiro/assets/images/switch/7.jpg]
[admin.pixelstrap.net/admiro/assets/images/switch/8.jpg]
[admin.pixelstrap.net/admiro/template/radio-checkbox-control.html]
[admin.pixelstrap.net/admiro/template/input-group.html]
[admin.pixelstrap.net/admiro/assets/js/cleave/cleave.min.js]
[admin.pixelstrap.net/admiro/template/input-mask.html]
[admin.pixelstrap.net/admiro/assets/js/cleave/custom-cleave.js]
[admin.pixelstrap.net/admiro/assets/images/email-template/11.jpg]
[admin.pixelstrap.net/admiro/template/megaoptions.html]
[admin.pixelstrap.net/admiro/assets/images/email-template/10.jpg]
[admin.pixelstrap.net/admiro/template/datepicker.html]
[admin.pixelstrap.net/admiro/template/touchspin.html]
[admin.pixelstrap.net/admiro/assets/js/select2/select3-custom.js]
[admin.pixelstrap.net/admiro/assets/js/custom-inputsearch.js]
[admin.pixelstrap.net/admiro/assets/js/telephone-inpu.js]
[admin.pixelstrap.net/admiro/template/select2.html]
[admin.pixelstrap.net/admiro/template/switch.html]
[admin.pixelstrap.net/admiro/assets/css/vendors/choices.js/public/assets/styles/choices.min.css]
[admin.pixelstrap.net/admiro/assets/js/vendors/choices.js/public/assets/scripts/choices.js]
[admin.pixelstrap.net/admiro/assets/js/typeahead/typeahead.custom.js]
[admin.pixelstrap.net/admiro/template/typehead.html]
[admin.pixelstrap.net/admiro/assets/js/clipboard/clipboard-script.js]
[admin.pixelstrap.net/admiro/template/clipboard.html]
[admin.pixelstrap.net/admiro/assets/images/gif/success/successful.gif]
[admin.pixelstrap.net/admiro/assets/images/forms/credit-card.png]
[admin.pixelstrap.net/admiro/assets/images/forms/delivery.png]
[admin.pixelstrap.net/admiro/assets/images/product-1/2.png]
[admin.pixelstrap.net/admiro/assets/images/product-1/4.png]
[admin.pixelstrap.net/admiro/assets/js/form-wizard/image-upload.js]
[admin.pixelstrap.net/admiro/assets/js/form-wizard/form-wizard.js]
[admin.pixelstrap.net/admiro/template/form-wizard.html]
[admin.pixelstrap.net/admiro/assets/images/forms/hdfc.png]
[admin.pixelstrap.net/admiro/assets/images/forms/Bank-of-Baroda.png]
[admin.pixelstrap.net/admiro/assets/images/forms/idbi.png]
[admin.pixelstrap.net/admiro/assets/images/forms/rbl.png]
[admin.pixelstrap.net/admiro/assets/images/forms/us-bank.png]
[admin.pixelstrap.net/admiro/assets/images/forms/axis.png]
[admin.pixelstrap.net/admiro/assets/images/forms/SCB.png]
[admin.pixelstrap.net/admiro/template/form-wizard-two.html]
[admin.pixelstrap.net/admiro/assets/images/forms/qr-scan.png]
[admin.pixelstrap.net/admiro/assets/images/forms/qr-code.png]
[admin.pixelstrap.net/admiro/assets/images/forms/email.png]
[admin.pixelstrap.net/admiro/assets/images/forms/authenticate.png]
[admin.pixelstrap.net/admiro/assets/js/form-wizard/verification.js]
[admin.pixelstrap.net/admiro/template/form-wizard-three.html]
[admin.pixelstrap.net/admiro/template/basic-table.html]
[admin.pixelstrap.net/admiro/template/table-components.html]
[admin.pixelstrap.net/admiro/template/datatable-basic-init.html]
[admin.pixelstrap.net/admiro/assets/js/datatable/datatable_advance.js]
[admin.pixelstrap.net/admiro/template/datatable-advance.html]
[admin.pixelstrap.net/admiro/template/datatable-API.html]
[admin.pixelstrap.net/admiro/template/datatable-data-source.html]
[admin.pixelstrap.net/admiro/assets/css/vendors/datatable-extension.css]
[admin.pixelstrap.net/admiro/assets/js/datatable/datatable-extension/dataTables.buttons.min.js]
[admin.pixelstrap.net/admiro/assets/js/datatable/datatable-extension/jszip.min.js]
[admin.pixelstrap.net/admiro/assets/js/datatable/datatable-extension/buttons.colVis.min.js]
[admin.pixelstrap.net/admiro/assets/js/datatable/datatable-extension/vfs_fonts.js]
[admin.pixelstrap.net/admiro/assets/js/datatable/datatable-extension/dataTables.autoFill.min.js]
[admin.pixelstrap.net/admiro/assets/js/datatable/datatable-extension/dataTables.select.min.js]
[admin.pixelstrap.net/admiro/assets/js/datatable/datatable-extension/buttons.bootstrap4.min.js]
[admin.pixelstrap.net/admiro/assets/js/datatable/datatable-extension/pdfmake.min.js]
[admin.pixelstrap.net/admiro/assets/js/datatable/datatable-extension/buttons.html5.min.js]
[admin.pixelstrap.net/admiro/assets/js/datatable/datatable-extension/buttons.print.min.js]
[admin.pixelstrap.net/admiro/assets/js/datatable/datatable-extension/dataTables.bootstrap4.min.js]
[admin.pixelstrap.net/admiro/assets/js/datatable/datatable-extension/dataTables.responsive.min.js]
[admin.pixelstrap.net/admiro/assets/js/datatable/datatable-extension/responsive.bootstrap4.min.js]
[admin.pixelstrap.net/admiro/assets/js/datatable/datatable-extension/dataTables.keyTable.min.js]
[admin.pixelstrap.net/admiro/assets/js/datatable/datatable-extension/dataTables.colReorder.min.js]
[admin.pixelstrap.net/admiro/assets/js/datatable/datatable-extension/dataTables.fixedHeader.min.js]
[admin.pixelstrap.net/admiro/assets/js/datatable/datatable-extension/dataTables.rowReorder.min.js]
[admin.pixelstrap.net/admiro/assets/js/datatable/datatable-extension/dataTables.scroller.min.js]
[admin.pixelstrap.net/admiro/assets/js/datatable/datatable-extension/custom.js]
[admin.pixelstrap.net/admiro/template/datatable-ext-autofill.html]
[admin.pixelstrap.net/admiro/assets/css/vendors/jsgrid.css]
[admin.pixelstrap.net/admiro/assets/js/jsgrid/jsgrid.min.js]
[admin.pixelstrap.net/admiro/assets/js/jsgrid/griddata.js]
[admin.pixelstrap.net/admiro/assets/js/jsgrid/jsgrid.js]
[admin.pixelstrap.net/admiro/template/jsgrid-table.html]
[admin.pixelstrap.net/admiro/assets/css/vendors/bootstrap.css]
[admin.pixelstrap.net/admiro/assets/images/landing/screen2.png]
[admin.pixelstrap.net/admiro/assets/images/landing/screen3.png]
[admin.pixelstrap.net/admiro/assets/images/landing/screen1.png]
[admin.pixelstrap.net/admiro/assets/images/landing/shape/shape1.png]
[admin.pixelstrap.net/admiro/assets/images/landing/shape/shape2.png]
[admin.pixelstrap.net/admiro/assets/images/landing/shape/shape3.png]
[admin.pixelstrap.net/admiro/assets/images/landing/shape/shape4.png]
[admin.pixelstrap.net/admiro/assets/images/landing/shape/shape5.png]
[admin.pixelstrap.net/admiro/assets/images/landing/shape/shape6.png]
[admin.pixelstrap.net/admiro/assets/images/landing/shape/shape7.png]
[admin.pixelstrap.net/admiro/assets/images/landing/layout/1.png]
[admin.pixelstrap.net/admiro/assets/images/landing/layout/2.png]
[admin.pixelstrap.net/admiro/assets/images/landing/layout/3.png]
[admin.pixelstrap.net/admiro/assets/images/landing/icon/html/bootstrap.png]
[admin.pixelstrap.net/admiro/assets/images/landing/icon/html/css.png]
[admin.pixelstrap.net/admiro/assets/images/landing/icon/html/sass.png]
[admin.pixelstrap.net/admiro/assets/images/landing/icon/html/pug.png]
[admin.pixelstrap.net/admiro/assets/images/landing/icon/html/npm.png]
[admin.pixelstrap.net/admiro/assets/images/landing/icon/html/charts.png]
[admin.pixelstrap.net/admiro/assets/images/landing/icon/html/gulp.png]
[admin.pixelstrap.net/admiro/assets/images/landing/icon/html/kit.png]
[admin.pixelstrap.net/admiro/assets/images/landing/icon/html/uikits.png]
[admin.pixelstrap.net/admiro/assets/images/landing/icon/html/builders.png]
[admin.pixelstrap.net/admiro/assets/images/landing/icon/html/iconset.png]
[admin.pixelstrap.net/admiro/assets/images/landing/icon/html/forms.png]
[admin.pixelstrap.net/admiro/assets/images/landing/application/1.png]
[admin.pixelstrap.net/admiro/assets/images/landing/application/2.png]
[admin.pixelstrap.net/admiro/assets/images/landing/application/3.png]
[admin.pixelstrap.net/admiro/assets/images/landing/application/4.png]
[admin.pixelstrap.net/admiro/assets/images/landing/application/5.png]
[admin.pixelstrap.net/admiro/assets/images/landing/application/6.png]
[admin.pixelstrap.net/admiro/assets/images/landing/application/7.png]
[admin.pixelstrap.net/admiro/assets/images/landing/application/8.png]
[admin.pixelstrap.net/admiro/assets/images/landing/application/9.png]
[admin.pixelstrap.net/admiro/assets/images/landing/application/10.png]
[admin.pixelstrap.net/admiro/assets/images/landing/application/11.png]
[admin.pixelstrap.net/admiro/assets/images/landing/application/12.png]
[admin.pixelstrap.net/admiro/assets/images/landing/unique.png]
[admin.pixelstrap.net/admiro/assets/images/landing/logo/footer.png]
[admin.pixelstrap.net/admiro/assets/images/landing/footer/shape1.png]
[admin.pixelstrap.net/admiro/assets/images/landing/footer/shape2.png]
[admin.pixelstrap.net/admiro/assets/images/landing/footer/shape3.png]
[admin.pixelstrap.net/admiro/assets/images/landing/footer/shape4.png]
[admin.pixelstrap.net/admiro/assets/images/landing/footer/shape5.png]
[admin.pixelstrap.net/admiro/assets/images/landing/footer/shape7.png]
[admin.pixelstrap.net/admiro/assets/js/tooltip-init.js]
[admin.pixelstrap.net/admiro/assets/js/landing/landing.js]
[admin.pixelstrap.net/admiro/template/landing-page.html]
[admin.pixelstrap.net/admiro/template/sample-page.html]
[admin.pixelstrap.net/admiro/assets/js/internationalization/language-picker.js]
[admin.pixelstrap.net/admiro/template/internationalization.html]
[admin.pixelstrap.net/admiro/template/error-page1.html]
[admin.pixelstrap.net/admiro/template/error-page2.html]
[admin.pixelstrap.net/admiro/template/error-page3.html]
[admin.pixelstrap.net/admiro/template/error-page4.html]
[admin.pixelstrap.net/admiro/template/error-page5.html]
[admin.pixelstrap.net/admiro/template/error-page6.html]
[admin.pixelstrap.net/admiro/template/login_one.html]
[admin.pixelstrap.net/admiro/template/login_two.html]
[admin.pixelstrap.net/admiro/template/login-bs-validation.html]
[admin.pixelstrap.net/admiro/template/login-bs-tt-validation.html]
[admin.pixelstrap.net/admiro/template/login-sa-validation.html]
[admin.pixelstrap.net/admiro/template/sign-up.html]
[admin.pixelstrap.net/admiro/template/sign-up-one.html]
[admin.pixelstrap.net/admiro/template/sign-up-two.html]
[admin.pixelstrap.net/admiro/assets/images/login/icon.png]
[admin.pixelstrap.net/admiro/assets/js/custom-wizard.js]
[admin.pixelstrap.net/admiro/template/sign-up-wizard.html]
[admin.pixelstrap.net/admiro/template/unlock.html]
[admin.pixelstrap.net/admiro/template/forget-password.html]
[admin.pixelstrap.net/admiro/template/reset-password.html]
[admin.pixelstrap.net/admiro/template/maintenance.html]
[admin.pixelstrap.net/admiro/assets/js/countdown.js]
[admin.pixelstrap.net/admiro/template/comingsoon.html]
[admin.pixelstrap.net/admiro/template/comingsoon-bg-video.html]
[admin.pixelstrap.net/admiro/template/comingsoon-bg-img.html]
[admin.pixelstrap.net/admiro/template/basic-template.html]
[admin.pixelstrap.net/admiro/template/email-header.html]
[admin.pixelstrap.net/admiro/assets/images/email-template/1.jpg]
[admin.pixelstrap.net/admiro/assets/images/email-template/8.png]
[admin.pixelstrap.net/admiro/assets/images/email-template/cosmetic.jpg]
[admin.pixelstrap.net/admiro/assets/images/email-template/6.png]
[admin.pixelstrap.net/admiro/assets/images/email-template/5.png]
[admin.pixelstrap.net/admiro/template/template-email.html]
[admin.pixelstrap.net/admiro/assets/images/email-template/slider.jpg]
[admin.pixelstrap.net/admiro/assets/images/email-template/7.jpg]
[admin.pixelstrap.net/admiro/assets/images/email-template/8.jpg]
[admin.pixelstrap.net/admiro/assets/images/email-template/banner.jpg]
[admin.pixelstrap.net/admiro/assets/images/email-template/banner-2.jpg]
[admin.pixelstrap.net/admiro/assets/images/email-template/12.jpg]
[admin.pixelstrap.net/admiro/template/template-email-2.html]
[admin.pixelstrap.net/admiro/assets/images/email-template/delivery-2.png]
[admin.pixelstrap.net/admiro/assets/images/email-template/space.jpg]
[admin.pixelstrap.net/admiro/template/ecommerce-templates.html]
[admin.pixelstrap.net/admiro/assets/images/email-template/delivery.png]
[admin.pixelstrap.net/admiro/template/email-order-success.html]
[admin.pixelstrap.net/admiro/assets/images/big-lightgallry/06.jpg]
[admin.pixelstrap.net/admiro/assets/images/big-lightgallry/07.jpg]
[admin.pixelstrap.net/admiro/assets/images/big-lightgallry/09.jpg]
[admin.pixelstrap.net/admiro/assets/images/lightgallry/09.jpg]
[admin.pixelstrap.net/admiro/assets/images/big-lightgallry/012.jpg]
[admin.pixelstrap.net/admiro/assets/images/lightgallry/012.jpg]
[admin.pixelstrap.net/admiro/template/gallery.html]
[admin.pixelstrap.net/admiro/template/gallery-with-description.html]
[admin.pixelstrap.net/admiro/template/masonary.html]
[admin.pixelstrap.net/admiro/template/masonary_with_disc.html]
[admin.pixelstrap.net/admiro/template/gallery-hover.html]
[admin.pixelstrap.net/admiro/assets/images/blog/blog-2.jpg]
[admin.pixelstrap.net/admiro/assets/images/blog/blog-3.jpg]
[admin.pixelstrap.net/admiro/assets/images/blog/blog-5.jpg]
[admin.pixelstrap.net/admiro/template/blog.html]
[admin.pixelstrap.net/admiro/assets/images/blog/blog-6.jpg]
[admin.pixelstrap.net/admiro/assets/images/blog/blog-single.jpg]
[admin.pixelstrap.net/admiro/template/blog-single.html]
[admin.pixelstrap.net/admiro/assets/js/choices/add-post-custom.js]
[admin.pixelstrap.net/admiro/template/add_post.html]
[admin.pixelstrap.net/admiro/assets/images/faq/1.jpg]
[admin.pixelstrap.net/admiro/assets/images/faq/2.jpg]
[admin.pixelstrap.net/admiro/assets/images/faq/3.jpg]
[admin.pixelstrap.net/admiro/assets/images/faq/4.jpg]
[admin.pixelstrap.net/admiro/template/faq.html]
[admin.pixelstrap.net/admiro/assets/images/job-search/1.jpg]
[admin.pixelstrap.net/admiro/assets/images/job-search/2.jpg]
[admin.pixelstrap.net/admiro/assets/images/job-search/3.jpg]
[admin.pixelstrap.net/admiro/assets/images/job-search/4.jpg]
[admin.pixelstrap.net/admiro/assets/images/job-search/5.jpg]
[admin.pixelstrap.net/admiro/assets/images/job-search/6.jpg]
[admin.pixelstrap.net/admiro/template/job-cards-view.html]
[admin.pixelstrap.net/admiro/template/job-list-view.html]
[admin.pixelstrap.net/admiro/template/job-details.html]
[admin.pixelstrap.net/admiro/template/job-apply.html]
[admin.pixelstrap.net/admiro/template/learning_list_visit.html]
[admin.pixelstrap.net/admiro/assets/images/faq/learning-1.png]
[admin.pixelstrap.net/admiro/template/learning_detailed.html]
[admin.pixelstrap.net/admiro/assets/js/vendors/datamaps/src/js/components/d3/d3.min.js]
[admin.pixelstrap.net/admiro/assets/js/vendors/datamaps/src/js/components/topojson/topojson.js]
[admin.pixelstrap.net/admiro/assets/js/vendors/datamaps/dist/datamaps.world.min.js]
[admin.pixelstrap.net/admiro/template/data-map.html]
[admin.pixelstrap.net/admiro/assets/js/datamap-custom.js]
[admin.pixelstrap.net/admiro/assets/css/vendors/vector-map.css]
[admin.pixelstrap.net/admiro/assets/js/vector-map/jquery-jvectormap-2.0.2.min.js]
[admin.pixelstrap.net/admiro/assets/js/vector-map/map/jquery-jvectormap-world-mill-en.js]
[admin.pixelstrap.net/admiro/assets/js/vector-map/map/jquery-jvectormap-us-aea-en.js]
[admin.pixelstrap.net/admiro/assets/js/vector-map/map/jquery-jvectormap-uk-mill-en.js]
[admin.pixelstrap.net/admiro/assets/js/vector-map/map/jquery-jvectormap-au-mill.js]
[admin.pixelstrap.net/admiro/assets/js/vector-map/map/jquery-jvectormap-chicago-mill-en.js]
[admin.pixelstrap.net/admiro/assets/js/vector-map/map/jquery-jvectormap-in-mill.js]
[admin.pixelstrap.net/admiro/assets/js/vector-map/map/jquery-jvectormap-asia-mill.js]
[admin.pixelstrap.net/admiro/assets/js/vector-map/map-vector.js]
[admin.pixelstrap.net/admiro/template/vector-map.html]
[admin.pixelstrap.net/admiro/assets/css/vendors/quill.bubble.css]
[admin.pixelstrap.net/admiro/template/quilleditor.html]
[admin.pixelstrap.net/admiro/assets/js/custom-add-product3.js]
[admin.pixelstrap.net/admiro/assets/js/editor/ace-editor/ace.js]
[admin.pixelstrap.net/admiro/assets/js/editor/ace-editor/ace-custom.js]
[admin.pixelstrap.net/admiro/assets/js/editor/ace-editor/mode-css.js]
[admin.pixelstrap.net/admiro/assets/js/editor/ace-editor/mode-html.js]
[admin.pixelstrap.net/admiro/assets/js/editor/ace-editor/mode-javascript.js]
[admin.pixelstrap.net/admiro/assets/js/editor/ace-editor/mode-php.js]
[admin.pixelstrap.net/admiro/assets/js/editor/ace-editor/theme-monokai.js]
[admin.pixelstrap.net/admiro/assets/js/editor/ace-editor/worker-css.js]
[admin.pixelstrap.net/admiro/assets/js/editor/ace-editor/worker-html.js]
[admin.pixelstrap.net/admiro/assets/js/editor/ace-editor/worker-javascript.js]
[admin.pixelstrap.net/admiro/assets/js/editor/ace-editor/worker-php.js]
[admin.pixelstrap.net/admiro/template/ace-code-editor.html]
[admin.pixelstrap.net/admiro/assets/images/knowledgebase/bg_1.jpg]
[admin.pixelstrap.net/admiro/template/knowledgebase.html]
[admin.pixelstrap.net/admiro/assets/js/support-ticket-custom.js]
[admin.pixelstrap.net/admiro/template/support-ticket.html]
[admin.pixelstrap.net/admiro/assets/css/vendors/ajax-loader.html]
[admin.pixelstrap.net/admiro/assets/css/vendors/fonts/slick.html]
[admin.pixelstrap.net/admiro/assets/css/vendors/fonts/slickd41d.html]
[admin.pixelstrap.net/admiro/assets/css/vendors/fonts/slick-2.html]
[admin.pixelstrap.net/admiro/assets/css/vendors/fonts/slick-3.html]
[admin.pixelstrap.net/admiro/assets/css/vendors/fonts/slick-4.html]
[admin.pixelstrap.net/admiro/assets/images/ajax-loader.html]
[admin.pixelstrap.net/admiro/assets/css/vendors/todo.css]
[admin.pixelstrap.net/admiro/assets/images/lightgallry/default-skin.png]
[admin.pixelstrap.net/admiro/assets/css/vendors/photoswipe.css]
[admin.pixelstrap.net/admiro/assets/css/vendors/quill.snow.css]
[admin.pixelstrap.net/admiro/assets/css/vendors/swiper-bundle.min.css]
[admin.pixelstrap.net/admiro/assets/css/vendors/date-picker.css]
[admin.pixelstrap.net/admiro/assets/css/vendors/prism.css]
[admin.pixelstrap.net/admiro/assets/css/vendors/dropzone.css]
[admin.pixelstrap.net/admiro/assets/css/vendors/flatpickr/flatpickr.min.css]
[admin.pixelstrap.net/admiro/assets/css/vendors/intltelinput.min.css]
[admin.pixelstrap.net/admiro/assets/css/vendors/tagify.css]
[admin.pixelstrap.net/admiro/assets/css/vendors/rangeslider/rSlider.min.css]
[admin.pixelstrap.net/admiro/assets/css/vendors/owlcarousel.css]
[admin.pixelstrap.net/admiro/assets/css/vendors/simple-datatables/dist/style.css]
[admin.pixelstrap.net/admiro/assets/images/product/product-categories/phone.png]
[admin.pixelstrap.net/admiro/assets/images/sort_both.png]
[admin.pixelstrap.net/admiro/assets/images/sort_asc.png]
[admin.pixelstrap.net/admiro/assets/images/sort_desc.png]
[admin.pixelstrap.net/admiro/assets/images/sort_asc_disabled.png]
[admin.pixelstrap.net/admiro/assets/images/sort_desc_disabled.png]
[admin.pixelstrap.net/admiro/assets/css/vendors/datatables.css]
[admin.pixelstrap.net/admiro/template/invoice-1.html]
[admin.pixelstrap.net/admiro/assets/css/vendors/emoji/uikit.min.css]
[admin.pixelstrap.net/admiro/assets/css/vendors/select2.css]
[admin.pixelstrap.net/admiro/assets/css/vendors/sweetalert2.css]
[admin.pixelstrap.net/admiro/assets/css/vendors/calendar.css]
[admin.pixelstrap.net/admiro/assets/css/vendors/scrollable.css]
[admin.pixelstrap.net/admiro/assets/css/vendors/tree.css]
[admin.pixelstrap.net/admiro/assets/css/vendors/filepond.css]
[admin.pixelstrap.net/admiro/assets/css/vendors/filepond-plugin-image-preview.css]
[admin.pixelstrap.net/admiro/assets/css/vendors/tour.css]
[admin.pixelstrap.net/admiro/assets/css/vendors/animate.css]
[admin.pixelstrap.net/admiro/assets/css/vendors/range.css]
[admin.pixelstrap.net/admiro/assets/css/vendors/image-cropper.css]
[admin.pixelstrap.net/admiro/template/cropped.html]
[admin.pixelstrap.net/admiro/assets/css/vendors/timeline/timeline.css]
[admin.pixelstrap.net/admiro/assets/css/vendors/aos.css]
[admin.pixelstrap.net/admiro/assets/css/vendors/echart.css]
[admin.pixelstrap.net/admiro/assets/css/vendors/chartist.css]
[admin.pixelstrap.net/admiro/assets/css/vendors/choices.js/public/assets/styles/choices.min.css]
[admin.pixelstrap.net/admiro/template/sample.html]
[admin.pixelstrap.net/admiro/assets/css/vendors/datatable-extension.css]
[admin.pixelstrap.net/admiro/assets/images/js-grid.png]
[admin.pixelstrap.net/admiro/assets/css/vendors/jsgrid.css]
[admin.pixelstrap.net/admiro/assets/css/vendors/bootstrap.css]
[admin.pixelstrap.net/admiro/assets/css/vendors/vector-map.css]
[admin.pixelstrap.net/admiro/assets/css/vendors/quill.bubble.css]
[admin.pixelstrap.net/admiro/assets/css/vendors/preloader.html]
[admin.pixelstrap.net/admiro/assets/css/vendors/dropzone-spritemap.html]
[admin.pixelstrap.net/admiro/assets/css/img/flags.html]
[admin.pixelstrap.net/admiro/assets/css/img/flags@2x.html]
[admin.pixelstrap.net/admiro/assets/css/images/tree/32px.html]
[admin.pixelstrap.net/admiro/assets/images/tree/throbber.html]
[admin.pixelstrap.net/admiro/assets/css/images/tree/40px.html]
[admin.pixelstrap.net/admiro/assets/images/tree/32px.html]
[admin.pixelstrap.net/admiro/assets/images/icon-tree.html]
[admin.pixelstrap.net/admiro/assets/images/tree-1.html]
[admin.pixelstrap.net/admiro/assets/images/landing/logo/logo.png]
[admin.pixelstrap.net/admiro/assets/images/email-template/7.png]
